2018-10-29 15:53:45
13 hd.png
13 Ulica HD.png
13 Ulica.png
13.png
13_3d.png
13_hd.png
13_ulica.png
13_ulica_hd.png
1hd.png
1hd_hd.png
1rus.png
1rus_hd.png
1rus_uhd.png
2x2.png
2x2_hd.png
360_tunebox.png
360_tunebox_hd.png
4fun dance.png
4fun fit dance.png
4fun gold hits.png
4fun hits.png
4fun tv.png
4fun.png
4fun.tv.png
4fun_dance.png
4fun_fit_&_dance.png
4fun_fit_dance.png
4fun_gold_hits.png
4fun_hits.png
4fun_tv.png
4_fun_fit_&_dance.png
4_fun_fit_dance.png
4_fun_hits.png
4_fun_tv.png
8 tv hd.png
8 tv.png
8tv hd.png
8tv.png
8tv_hd.png
8_tv.png
8_tv_hd.png
active family hd.png
active%20family%20hd.png
active_family.png
active_family_hd.png
adventure hd.png
adventure tv hd.png
adventure tv.png
adventure_hd.png
adventure_tv.png
adventure_tv_hd.png
ale kino+ hd.png
ale kino+.png
ale_kino+_hd.png
ale_kino_plus.png
ale_kino_plus_hd.png
amazing.png
amc hd.png
amc.png
amc_hd.png
animal planet hd.png
animal_planet.png
animal_planet_hd.png
asta.png
asta_hd.png
atm rozrywka.png
atm_rozrywka.png
atv.png
axn hd.png
axn spin hd.png
axn.png
axn_black.png
axn_black_hd.png
axn_hd.png
axn_spin.png
axn_spin_hd.png
axn_white.png
axn_white_hd.png
baby tv.png
baby_first_tv.png
baby_tv.png
bbc cbeebies.png
bbc earth hd.png
bbc entertainment.png
bbc hd.png
bbc.png
bbc_brit.png
bbc_brit_hd.png
bbc_cbeebies.png
bbc_earth.png
bbc_earth_hd.png
bbc_entertainment.png
bbc_hd.png
bbc_lifestyle.png
bbc_lifestyle_hd.png
bbc_world_news.png
belsat tv.png
belsat_tv.png
bloomberg.png
bloomberg_european_tv.png
bloomberg_europe_tv.png
bloomberg_tv.png
blue_hustler.png
boomerang.png
boomerang_hd.png
brazzers_tv.png
brazzers_tv_europe.png
bridge_tv.png
bridge_tv_hd.png
cana+ sport hd.png
canal+ 1 hd.png
canal+ 1.png
canal+ discovery hd.png
canal+ discovery.png
canal+ family hd.png
canal+ film hd.png
canal+ hd.png
canal+ seriale hd.png
canal+ sport 2 hd.png
canal+ sport.png
canal+1 hd .png
canal+1 hd.png
canal+1_hd.png
canal_plus sport hd.png
canal_plus.png
canal_plus1_hd.png
canal_plus_1.png
canal_plus_1_hd.png
canal_plus_4k.png
canal_plus_discovery.png
canal_plus_discovery_hd.png
canal_plus_family.png
canal_plus_family_hd.png
canal_plus_film.png
canal_plus_film_hd.png
canal_plus_hd.png
canal_plus_now.png
canal_plus_now_4k.png
canal_plus_now_hd.png
canal_plus_seriale.png
canal_plus_seriale_hd.png
canal_plus_sport.png
canal_plus_sport_2.png
canal_plus_sport_2_hd.png
canal_plus_sport_hd.png
canal_plus_uhd.png
capital tv.png
cartoon network hd.png
cartoon network.png
cartoon_network.png
cartoon_network_hd.png
cbs europa hd.png
cbs_action.png
cbs_actio_hd.png
cbs_drama.png
cbs_europa.png
cbs_europa_hd.png
cbs_reality.png
ci polsat.png
ci.png
cinemax 1 hd.png
cinemax 2 hd.png
cinemax hd.png
cinemax.png
cinemax2 hd.png
cinemax2_hd.png
cinemax_1_hd.png
cinemax_2.png
cinemax_2_hd.png
cinemax_hd.png
ci_polsat.png
cn.png
cnbc_europe.png
cnbc_europe_tv.png
cnn international.png
cnn.png
cnni.png
cn_hd.png
comedy_central.png
comedy_central_family.png
comedy_central_family_hd.png
comedy_central_hd.png
cw 24 tv.png
cw24tv.png
czworka.png
czwórka_polskie_radio.png
da vinci learning.png
davinci learning.png
davinci_learning.png
da_vinci_learning.png
discavery.png
discovery channel hd.png
discovery hd.png
discovery historia.png
discovery id hd.png
discovery life hd.png
discovery science hd-2.png
discovery science hd.png
discovery science.png
discovery turbo xtra hd.png
discovery turbo xtra.png
discovery.png
discovery_channel.png
discovery_channel_hd.png
discovery_hd.png
discovery_historia.png
discovery_life.png
discovery_life_hd.png
discovery_science.png
discovery_science_hd.png
discovery_turbo_xtra.png
discovery_turbo_xtra_hd.png
disco_polo_music.png
disney channel hd.png
disney channel.png
disney junior.png
disney xd.png
disney_channel.png
disney_channel_hd.png
disney_junior.png
disney_xd.png
djing.png
djing_hd.png
dla_ciebie.png
docubox.png
docubox_hd.png
domo plus.png
domo+ hd.png
domo_plus.png
domo_plus_hd.png
dorcel_tv.png
dorcel_tv_hd.png
dtx hd.png
dtx.png
dtx_hd.png
duck tv.png
duck_tv.png
duck_tv_hd.png
e hd.png
e entertaiment.png
e hd.png
e.png
e_entertaiment.png
e_hd.png
e-sport.png
e-sport_hd.png
e.png
echo_24.png
echo_24_hd.png
edusat.png
eleven sports hd.png
eleven.png
eleven_extra.png
eleven_extra_hd.png
eleven_hd.png
eleven_sports.png
eleven_sports_1.png
eleven_sports_1_hd.png
eleven_sports_2.png
eleven_sports_2_hd.png
eleven_sports_3.png
eleven_sports_3_hd.png
eleven_sports_4.png
eleven_sports_4_hd.png
eleven_sports_hd.png
english_club_tv.png
english_club_tv_hd.png
epic_drama.png
epic_drama_hd.png
erox.png
eroxxx.png
eroxxx_hd.png
erox_hd.png
ero_xxx_hd.png
ero_xxx_hd_18+.png
ero_xxx_hd_18_plus.png
esc.png
Eska Rock TV HD.png
eska tv.png
eska vox tv.png
eska wawa tv.png
eska.png
eska_best_music.png
eska_best_music_hd.png
eska_best_music_tv.png
eska_best_music_tv_hd.png
eska_go.png
eska_hd.png
eska_party.png
eska_party_hd.png
eska_rock.png
eska_rock_hd.png
eska_rock_tv.png
eska_rock_tv_hd.png
eska_tv.png
eska_tv_extra.png
eska_tv_extra_hd.png
eska_tv_hd.png
esport.png
esport_hd.png
eurochannel.png
euronews hd.png
euronews.png
euronews_english_hd.png
euronews_hd.png
europa_plus_tv.png
eurosport 1 hd.png
eurosport 2 hd.png
eurosport 2.png
eurosport hd.png
eurosport.png
eurosport_1.png
eurosport_1_hd.png
eurosport_2.png
eurosport_2_hd.png
eurosport_hd.png
eurosport_news.png
extreme sports hd.png
extreme.png
extreme_sports.png
extreme_sports_channel.png
extreme_sports_channel_hd.png
extreme_sports_hd.png
e_hd.png
e_sport.png
e_sport_hd.png
fashionbox_hd.png
fastandfunbox_hd.png
fightbox.png
fightbox_hd.png
fightklub.png
fightklub_hd.png
filmbox extra hd.png
filmbox premium hd.png
filmbox premium.png
filmbox%20premium.png
filmbox.png
filmbox_action (2).png
filmbox_action.png
filmbox_arthouse.png
filmbox_arthouse_hd.png
filmbox_extra.png
filmbox_extra_hd.png
filmbox_extra_hd_cze.png
filmbox_family.png
filmbox_fun_4k.png
filmbox_hd.png
filmbox_premium.png
filmbox_premium_hd.png
filmox_premium_hd.png
focus_tv.png
fokus hd.png
fokus tv.png
fokus.png
fokus_hd.png
fokus_tv.png
fokus_tv_hd.png
food network hd.png
food network.png
food%20network%20hd.png
food%20network.png
food_network.png
food_network_hd.png
Fox Comedy HD.png
fox hd.png
fox.png
fox_comedy.png
fox_comedy_hd.png
fox_hd.png
france 24.png
france_24_ar.png
france_24_arab.png
france_24_en.png
france_24_eng.png
france_24_english.png
france_24_fr.png
france_24_fra.png
france_24_francais.png
french_lover.png
ginx_esport_tv.png
ginx_esport_tv_hd.png
golf_channel.png
golf_channel_hd.png
h2 hd.png
h2.png
h2_hd.png
hbo 1.png
hbo 2 hd.png
HBO 3 HD.png
hbo comedy hd.png
hbo hd.png
hbo.png
hbo1 hd.png
hbo1.png
hbo1_hd.png
hbo2 hd.png
hbo2_hd.png
hbo3 hd.png
hbo3_hd.png
hbo_1.png
hbo_2 hd.png
hbo_2.png
hbo_2_hd.png
hbo_3.png
hbo_3_hd.png
hbo_hd.png
hgtv.png
hgtv_hd.png
hip hop tv hd.png
hip hop tv.png
hip_hop_tv.png
hip_hop_tv_hd.png
History 2 HD.png
History 2.png
history.png
history_hd.png
hope_channel.png
hope_channel_hd.png
Hustler HD.png
hustler tv.png
hustler.png
hustler_hd.png
hustler_tv.png
id.png
id_hd.png
imperium_gliwice.png
ipol.png
itv.png
itvn.png
jimjam polsat.png
jimjam_polsat.png
kino polska.png
kino_polska.png
kino_polska_muzyka.png
kino_tv.png
kiss tv.png
klodzka.png
kosmicatv.png
kuchnia+ hd.png
kuchnia_plus.png
kuchnia_plus_hd.png
lech tv.png
lech.png
lech_tv.png
lifetime.png
lifetime_hd.png
love_tv.png
love_tv_hd.png
lubelska.png
madscreen.png
madscreen_hd.png
magnes tv hd.png
magnes_tv_hd.png
mango_24.png
mcm_top.png
metro.png
metro_hd.png
metro_tv.png
metro_tv_hd.png
mezzo.png
minimini+ hd.png
minimini+.png
minimini_plus.png
minimini_plus_hd.png
mini_mini_plus.png
mini_mini_plus_hd.png
motowizja tv.png
motowizja.png
motowizja_tv.png
mrv_beats_hd.png
mtv pl.png
mtv polska.png
mtv.png
mtv_1.png
mtv_2.png
mtv_am_hd.png
mtv_beats.png
mtv_dance.png
mtv_hd.png
mtv_hits.png
mtv_live.png
mtv_live_hd.png
mtv_music.png
mtv_music_24.png
mtv_music_hd.png
mtv_polska.png
mtv_polska_hd.png
mtv_rocks.png
muz.png
muzo.tv.png
muzo_tv.png
muzo_tv_hd.png
nat geo people hd.png
nat geo wild hd.png
national geographic channel hd.png
national_geographic.png
national_geographic_channel.png
national_geographic_channel_hd.png
national_geographic_hd.png
nat_geo_channel.png
nat_geo_channel_hd.png
nat_geo_people.png
nat_geo_people_hd.png
nat_geo_wild.png
nat_geo_wild_hd.png
nbc golf hd.png
nbc golf.png
nbc_golf.png
nbc_golf_hd.png
nick jr.png
nick.png
Nickelodeon HD.png
nickelodeon.png
nickelodeon_hd.png
nickelodeon_sd.png
nicktoons.png
nicktoons_hd.png
nick_hd.png
nick_jr..png
nick_jr.png
nick_junior.png
nick_toons.png
nick_toons_hd.png
nova%20tv.png
Novela TV.png
novela.png
novela_ha.png
novela_tv.png
novela_tv_hd.png
nowa_tv.png
nowa_tv_hd.png
nSport+ hd.png
nsport.png
nsport_hd.png
nsport_plus.png
nsport_plus_hd.png
ntl.png
nuart.png
nuart_hd.png
nuart_tv.png
nuart_tv_hd.png
nuta.tv_hd.png
nuta_tv.png
nuta_tv_hd.png
o2.png
olala.png
opoka tv.png
opoka.tv.png
opoka.tv_hd.png
opoka_tv.png
opoka_tv_hd.png
orange sport.png
orange_sport.png
o_la_la.png
p1.png
paramount channel hd.png
paramount channel.png
Paramounth Channel.png
paramounth_channel_hd.png
paramount_channel_hd.png
penthouse_hd.png
planete+ hd.png
planete+.png
planete_plus.png
planete_plus_hd.png
playboy tv.png
playboy.png
playboy_tv.png
player.pl hd.png
player.pl_hd.png
polo party tv hd.png
polo tv.png
polo.png
Polonia 1.png
polonia1.png
polonia_1.png
polo_party.png
polo_party_tv.png
polo_party_tv_hd.png
polo_tv.png
polsat 2 hd.png
polsat cafe hd.png
polsat ci.png
polsat crime.png
polsat doku.png
polsat film hd.png
polsat film.png
polsat food hd.png
polsat food.png
polsat news hd.png
polsat news.png
polsat play hd.png
polsat sport news hd.png
polsat super.png
polsat viasat explore hd.png
polsat viasat history hd.png
polsat viasat nature.png
polsat%20sport%20news%20hd.png
polsat%20super.png
polsat.png
polsat1.png
polsat1_hd.png
polsat_1.png
polsat_1_hd.png
polsat_2.png
polsat_2_hd.png
polsat_4k.png
polsat_cafe.png
polsat_cafe_hd.png
polsat_ci.png
polsat_crime.png
polsat_doku.png
polsat_doku_hd.png
polsat_empty.png
polsat_film.png
polsat_film_hd.png
polsat_food.png
polsat_food_hd.png
polsat_games.png
polsat_games_hd.png
polsat_hd.png
polsat_jimjam.png
polsat_jim_jam.png
polsat_jim_jam_hd.png
polsat_music.png
polsat_music_hd.png
polsat_news.png
polsat_news_2.png
polsat_news_hd.png
polsat_news_plus.png
polsat_play.png
polsat_play_hd.png
polsat_rodzina.png
polsat_rodzina_hd.png
polsat_romans.png
polsat_sport.png
polsat_sport_2.png
polsat_sport_2_hd.png
polsat_sport_3.png
polsat_sport_3_hd.png
polsat_sport_extra.png
polsat_sport_extra_hd.png
polsat_sport_fight.png
polsat_sport_fight_hd.png
polsat_sport_hd.png
polsat_sport_news.png
polsat_sport_news_hd.png
polsat_sport_premium_1.png
polsat_sport_premium_2.png
polsat_sport_premium_3.png
polsat_sport_premium_4.png
polsat_sport_premium_5.png
polsat_sport_premium_6.png
polsat_super.png
polsat_uhd.png
polsat_viasat_2_explore.png
polsat_viasat_2_history.png
polsat_viasat_explore_hd.png
polsat_viasat_history_hd.png
polsat_viasat_nature.png
polsat_viasat_nature_hd.png
polskascenaalternatywna.png
polskastacja_sport.png
pomorska.png
power_tv.png
power_tv_hd.png
pr4.png
private 18+.png
private.png
private_18+.png
private_18_plus.png
private_tv.png
puls 2 hd.png
puls.png
PULS2 HD.png
PULS2_hd.png
puls_2.png
puls_2_hd.png
p_1.png
rai_sport.png
rai_sport_1.png
rai_sport_2.png
rai_sport_3.png
rbl.png
rebel tv.png
rebeltv.png
redlight.png
redlight_18_plus.png
redlight_hd.png
red_carpet_tv.png
red_carpet_tv_hd.png
regionalna.pl.png
regionalna_pl.png
republika hd.png
republika.png
republika_hd.png
republika_tv.png
retro tv.png
romance_tv.png
romance_tv_hd.png
rt.png
rt_doc_hd.png
rt_hd.png
russia today.png
ru_tv.png
sbn_international.png
sci-fi.png
scifi universal.png
scifi.png
scifi_hd.png
scifi_universal.png
scifi_universal_hd.png
sfera.png
sfera1_hd.png
sonlife.png
spice_tv.png
sport klub.png
sportklub.png
sport_klub.png
sport_klub_hd.png
stars tv hd.png
stars.png
stars.tv hd.png
stars.tv.png
stars.tv_hd.png
stars_hd.png
stars_tv.png
stars_tv_hd.png
star_tv.png
stella.png
stella_hd.png
stopklatka.png
stopklatka_hd.png
stopklatka_tv.png
stopklatka_tv_hd.png
sundance hd.png
sundance tv hd.png
sundance tv.png
sundance.png
sundance_hd.png
sundance_tv.png
sundance_tv_hd.png
super polsat.png
super stacja.png
super%20polsat.png
superstacja.png
supertennis_hd.png
super_polsat.png
super_polsat_hd.png
super_stacja.png
tagen.png
tawizja.png
tbn_polska.png
tele 5 hd.png
tele 5.png
tele5 hd.png
tele5.png
teletoon+ hd.png
teletoon+%20hd.png
teletoon_plus.png
teletoon_plus_hd.png
tele_5.png
tele_5_hd.png
tht_music.png
tlc hd.png
tlc%20hd.png
tlc.png
tlc_hd.png
tnt.png
tnt_hd.png
totv.png
topkids.png
topkids_hd.png
torun.png
torun_hd.png
toty.png
toya.png
toya_hd.png
toya_tv_hd.png
trace_tv.png
trace_urban.png
Travel Channel HD.png
travel_channel.png
travel_channel_hd.png
trwam.png
ttv hd.png
ttv%20hd.png
ttv.png
ttv_hd.png
tuba.png
tuba_tv.png
tv 4 hd.png
tv 4.png
tv puls.png
tv republika.png
tv trwam.png
tv4 hd.png
tv4.png
tv4_hd.png
tv5monde_europe.png
tv5_monde_europe.png
tv6.png
tv6_hd.png
tvk.png
tvn 24 bis.png
tvn 24 biznes i swiat.png
tvn 24 hd.png
tvn 24.png
tvn 7 hd.png
tvn fabula hd.png
tvn fabula.png
tvn fabuła hd.png
tvn fabuła.png
tvn hd.png
tvn meteo active.png
tvn style hd.png
tvn style.png
tvn turbo hd.png
tvn.png
tvn24 bis hd.png
tvn24 bis.png
tvn24 hd.png
tvn24.png
tvn24_bis.png
tvn24_bis_hd.png
tvn24_hd.png
tvn_24.png
tvn_24_bis.png
tvn_24_bis_hd.png
tvn_24_biznes_i_swiat.png
tvn_24_hd.png
tvn_7.png
tvn_7_hd.png
tvn_fabula.png
tvn_fabula_hd.png
tvn_fabuła.png
tvn_fabuła_hd.png
tvn_hd.png
tvn_meteo.png
tvn_meteo_active.png
tvn_style.png
tvn_style_hd.png
tvn_turbo.png
tvn_turbo_hd.png
tvp 1 hd.png
tvp 2 hd.png
tvp abc.png
tvp hd.png
tvp info.png
tvp kultura.png
tvp polonia.png
tvp rozrywka.png
tvp seriale.png
tvp sport hd.png
tvp sport.png
tvp1.png
tvp1_hd.png
tvp2.png
tvp2_hd.png
tvp3 warszawa.png
tvp3.png
tvp3_warszawa.png
tvp_1.png
tvp_1_hd.png
tvp_2.png
tvp_2_hd.png
tvp_3.png
tvp_4k.png
tvp_abc.png
tvp_bialystok.png
tvp_bydgoszcz.png
tvp_gdansk.png
tvp_gorzow_wielkopolski.png
tvp_hd.png
tvp_historia.png
tvp_info.png
tvp_info_hd.png
tvp_katowice.png
tvp_kielce.png
tvp_krakow.png
tvp_kultura.png
tvp_lodz.png
tvp_lublin.png
tvp_olsztyn.png
tvp_opole.png
tvp_parlament.png
tvp_polonia.png
tvp_poznan.png
tvp_regionalna.png
tvp_rozrywka.png
tvp_rzeszow.png
tvp_seriale.png
tvp_sport.png
tvp_sport_hd.png
tvp_szczecin.png
tvp_warszawa.png
tvp_wroclaw.png
tvr.png
tvregionalna.png
tvr_hd.png
tvs.png
tvs_hd.png
tvt.png
tvt_hd.png
tvt_zgorzelec.png
tvt_zgorzelec_hd.png
tv_4.png
tv_4_hd.png
tv_6.png
tv_6_hd.png
tv_disco.png
tv_klodzka.png
tv_kujawy.png
tv_okazje.png
tv_puls.png
tv_puls2.png
tv_puls_2.png
tv_puls_hd.png
tv_regionalna.png
tv_relax.png
tv_republika.png
tv_republika_hd.png
tv_trwam.png
twoja_tv.png
twoja_tv_hd.png
universal channel hd.png
universal hd.png
universal.png
universal_channel.png
universal_channel_hd.png
universal_hd.png
vevo.png
vevo_hd.png
vh 1 classic.png
vh 1.png
vh-1 classic.png
vh-1.png
vh-1_classic.png
vh1 classic.png
vh1.png
vh1_classic.png
vh_1 classic.png
vh_1.png
vh_1_classic.png
viasat nature history.png
viasat_nature_history_hd.png
virgin_tv.png
viva.png
viva_polska.png
vod film.png
vod filmy.png
vod_bajkowa_tv.png
vod_film.png
vod_filmy.png
vod_filmy_hd.png
vox (2).png
vox.png
vox_music.png
vox_music_tv.png
vox_olds_cool_tv_hd.png
vox_tv_2.png
water planet hd.png
water planet.png
water_planet.png
water_planet_hd.png
wawa.png
wawa_tv_hd.png
wellbeing.png
wellbeing_hd.png
wellbeing_network.png
wellbeing_network_hd.png
world_fashion_channel_hd.png
wp hd.png
wp.png
wp1.png
wp1_hd.png
wpolsce.pl.png
wpolsce.pl_hd.png
wp_hd.png
wtk.png
w_polsce.pl.png
w_polsce.pl_hd.png
w_polsce_pl.png
w_polsce_pl_hd.png
xxl.png
xxx_hustler.png
xxx_private.png
zest_tv.png
zest_tv_hd.png
zoom_tv.png
zoom_tv_hd.png
муз.png
